[    0.000000] Initializing cgroup subsys cpuset
[    0.000000] Initializing cgroup subsys cpu
[    0.000000] Initializing cgroup subsys cpuacct
[    0.000000] Linux version 4.4.0-170-generic (buildd@lcy01-amd64-019) (gcc version 5.4.0 20160609 (Ubuntu 5.4.0-6ubuntu1~16.04.12) ) #199-Ubuntu SMP Thu Nov 14 01:45:04 UTC 2019 (Ubuntu 4.4.0-170.199-generic 4.4.200)
[    0.000000] Command line: BOOT_IMAGE=/boot/vmlinuz-4.4.0-170-generic root=LABEL=cloudimg-rootfs ro console=tty1 console=ttyS0
[    0.000000] KERNEL supported cpus:
[    0.000000]   Intel GenuineIntel
[    0.000000]   AMD AuthenticAMD
[    0.000000]   Centaur CentaurHauls
[    0.000000] x86/fpu: xstate_offset[2]:  576, xstate_sizes[2]:  256
[    0.000000] x86/fpu: Supporting XSAVE feature 0x01: 'x87 floating point registers'
[    0.000000] x86/fpu: Supporting XSAVE feature 0x02: 'SSE registers'
[    0.000000] x86/fpu: Supporting XSAVE feature 0x04: 'AVX registers'
[    0.000000] x86/fpu: Enabled xstate features 0x7, context size is 832 bytes, using 'standard' format.
[    0.000000] e820: BIOS-provided physical RAM map:
[    0.000000] BIOS-e820: [mem 0x0000000000000000-0x000000000009fbff] usable
[    0.000000] BIOS-e820: [mem 0x000000000009fc00-0x000000000009ffff] reserved
[    0.000000] BIOS-e820: [mem 0x00000000000f0000-0x00000000000fffff] reserved
[    0.000000] BIOS-e820: [mem 0x0000000000100000-0x000000003ffeffff] usable
[    0.000000] BIOS-e820: [mem 0x000000003fff0000-0x000000003fffffff] ACPI data
[    0.000000] BIOS-e820: [mem 0x00000000fec00000-0x00000000fec00fff] reserved
[    0.000000] BIOS-e820: [mem 0x00000000fee00000-0x00000000fee00fff] reserved
[    0.000000] BIOS-e820: [mem 0x00000000fffc0000-0x00000000ffffffff] reserved
[    0.000000] NX (Execute Disable) protection: active
[    0.000000] SMBIOS 2.5 present.
[    0.000000] Hypervisor detected: KVM
[    0.000000] e820: last_pfn = 0x3fff0 max_arch_pfn = 0x400000000
[    0.000000] MTRR: Disabled
[    0.000000] x86/PAT: MTRRs disabled, skipping PAT initialization too.
[    0.000000] CPU MTRRs all blank - virtualized system.
[    0.000000] x86/PAT: Configuration [0-7]: WB  WT  UC- UC  WB  WT  UC- UC  
[    0.000000] found SMP MP-table at [mem 0x0009fff0-0x0009ffff] mapped at [ffff88000009fff0]
[    0.000000] Scanning 1 areas for low memory corruption
[    0.000000] RAMDISK: [mem 0x362fa000-0x37174fff]
[    0.000000] ACPI: Early table checksum verification disabled
[    0.000000] ACPI: RSDP 0x00000000000E0000 000024 (v02 VBOX  )
[    0.000000] ACPI: XSDT 0x000000003FFF0030 00003C (v01 VBOX   VBOXXSDT 00000001 ASL  00000061)
[    0.000000] ACPI: FACP 0x000000003FFF00F0 0000F4 (v04 VBOX   VBOXFACP 00000001 ASL  00000061)
[    0.000000] ACPI: DSDT 0x000000003FFF0470 0022EA (v02 VBOX   VBOXBIOS 00000002 INTL 20100528)
[    0.000000] ACPI: FACS 0x000000003FFF0200 000040
[    0.000000] ACPI: FACS 0x000000003FFF0200 000040
[    0.000000] ACPI: APIC 0x000000003FFF0240 00005C (v02 VBOX   VBOXAPIC 00000001 ASL  00000061)
[    0.000000] ACPI: SSDT 0x000000003FFF02A0 0001CC (v01 VBOX   VBOXCPUT 00000002 INTL 20100528)
[    0.000000] No NUMA configuration found
[    0.000000] Faking a node at [mem 0x0000000000000000-0x000000003ffeffff]
[    0.000000] NODE_DATA(0) allocated [mem 0x3ffeb000-0x3ffeffff]
[    0.000000] kvm-clock: Using msrs 4b564d01 and 4b564d00
[    0.000000] kvm-clock: cpu 0, msr 0:3ffe3001, primary cpu clock
[    0.000000] kvm-clock: using sched offset of 3630870524 cycles
[    0.000000] clocksource: kvm-clock: mask: 0xffffffffffffffff max_cycles: 0x1cd42e4dffb, max_idle_ns: 881590591483 ns
[    0.000000] Zone ranges:
[    0.000000]   DMA      [mem 0x0000000000001000-0x0000000000ffffff]
[    0.000000]   DMA32    [mem 0x0000000001000000-0x000000003ffeffff]
[    0.000000]   Normal   empty
[    0.000000]   Device   empty
[    0.000000] Movable zone start for each node
[    0.000000] Early memory node ranges
[    0.000000]   node   0: [mem 0x0000000000001000-0x000000000009efff]
[    0.000000]   node   0: [mem 0x0000000000100000-0x000000003ffeffff]
[    0.000000] Initmem setup node 0 [mem 0x0000000000001000-0x000000003ffeffff]
[    0.000000] ACPI: PM-Timer IO Port: 0x4008
[    0.000000] IOAPIC[0]: apic_id 2, version 32, address 0xfec00000, GSI 0-23
[    0.000000] ACPI: INT_SRC_OVR (bus 0 bus_irq 0 global_irq 2 dfl dfl)
[    0.000000] ACPI: INT_SRC_OVR (bus 0 bus_irq 9 global_irq 9 low level)
[    0.000000] Using ACPI (MADT) for SMP configuration information
[    0.000000] smpboot: Allowing 2 CPUs, 0 hotplug CPUs
[    0.000000] PM: Registered nosave memory: [mem 0x00000000-0x00000fff]
[    0.000000] PM: Registered nosave memory: [mem 0x0009f000-0x0009ffff]
[    0.000000] PM: Registered nosave memory: [mem 0x000a0000-0x000effff]
[    0.000000] PM: Registered nosave memory: [mem 0x000f0000-0x000fffff]
[    0.000000] e820: [mem 0x40000000-0xfebfffff] available for PCI devices
[    0.000000] Booting paravirtualized kernel on KVM
[    0.000000] clocksource: refined-jiffies: mask: 0xffffffff max_cycles: 0xffffffff, max_idle_ns: 7645519600211568 ns
[    0.000000] setup_percpu: NR_CPUS:512 nr_cpumask_bits:512 nr_cpu_ids:2 nr_node_ids:1
[    0.000000] PERCPU: Embedded 33 pages/cpu @ffff88003fc00000 s95448 r8192 d31528 u1048576
[    0.000000] Built 1 zonelists in Node order, mobility grouping on.  Total pages: 257912
[    0.000000] Policy zone: DMA32
[    0.000000] Kernel command line: BOOT_IMAGE=/boot/vmlinuz-4.4.0-170-generic root=LABEL=cloudimg-rootfs ro console=tty1 console=ttyS0
[    0.000000] PID hash table entries: 4096 (order: 3, 32768 bytes)
[    0.000000] Memory: 997728K/1048120K available (8626K kernel code, 1336K rwdata, 4036K rodata, 1488K init, 1288K bss, 50392K reserved, 0K cma-reserved)
[    0.000000] SLUB: HWalign=64, Order=0-3, MinObjects=0, CPUs=2, Nodes=1
[    0.000000] Kernel/User page tables isolation: enabled
[    0.000000] Hierarchical RCU implementation.
[    0.000000] 	Build-time adjustment of leaf fanout to 64.
[    0.000000] 	RCU restricting CPUs from NR_CPUS=512 to nr_cpu_ids=2.
[    0.000000] RCU: Adjusting geometry for rcu_fanout_leaf=64, nr_cpu_ids=2
[    0.000000] NR_IRQS:33024 nr_irqs:440 16
[    0.000000] Console: colour VGA+ 80x25
[    0.000000] console [tty1] enabled
[    0.000000] console [ttyS0] enabled
[    0.000000] tsc: Detected 2711.996 MHz processor
[    0.191679] Calibrating delay loop (skipped) preset value.. 5423.99 BogoMIPS (lpj=10847984)
[    0.193847] pid_max: default: 32768 minimum: 301
[    0.195087] ACPI: Core revision 20150930
[    0.198345] ACPI: 2 ACPI AML tables successfully acquired and loaded
[    0.200889] Security Framework initialized
[    0.202526] Yama: becoming mindful.
[    0.203990] AppArmor: AppArmor initialized
[    0.205787] Dentry cache hash table entries: 131072 (order: 8, 1048576 bytes)
[    0.210631] Inode-cache hash table entries: 65536 (order: 7, 524288 bytes)
[    0.212348] Mount-cache hash table entries: 2048 (order: 2, 16384 bytes)
[    0.213891] Mountpoint-cache hash table entries: 2048 (order: 2, 16384 bytes)
[    0.215744] Initializing cgroup subsys io
[    0.216802] Initializing cgroup subsys memory
[    0.217939] Initializing cgroup subsys devices
[    0.219136] Initializing cgroup subsys freezer
[    0.220266] Initializing cgroup subsys net_cls
[    0.221454] Initializing cgroup subsys perf_event
[    0.222678] Initializing cgroup subsys net_prio
[    0.223824] Initializing cgroup subsys hugetlb
[    0.224958] Initializing cgroup subsys pids
[    0.227803] mce: CPU supports 0 MCE banks
[    0.228901] Last level iTLB entries: 4KB 64, 2MB 8, 4MB 8
[    0.230194] Last level dTLB entries: 4KB 64, 2MB 0, 4MB 0, 1GB 4
[    0.231640] Spectre V1 : Mitigation: usercopy/swapgs barriers and __user pointer sanitization
[    0.233807] Spectre V2 : Mitigation: Full generic retpoline
[    0.235166] Spectre V2 : Spectre v2 / SpectreRSB mitigation: Filling RSB on context switch
[    0.237360] Speculative Store Bypass: Vulnerable
[    0.238662] MDS: Vulnerable: Clear CPU buffers attempted, no microcode
[    0.243534] Freeing SMP alternatives memory: 36K
[    0.251923] ftrace: allocating 32302 entries in 127 pages
[    0.327589] smpboot: APIC(0) Converting physical 0 to logical package 0
[    0.329387] smpboot: Max logical packages: 1
[    0.331041] x2apic enabled
[    0.332319] Switched APIC routing to physical x2apic.
[    0.335250] ..TIMER: vector=0x30 apic1=0 pin1=2 apic2=-1 pin2=-1
[    0.445018] smpboot: CPU0: Intel(R) Core(TM) i5-7200U CPU @ 2.50GHz (family: 0x6, model: 0x8e, stepping: 0x9)
[    0.448528] Performance Events: unsupported p6 CPU model 142 no PMU driver, software events only.
[    0.464225] KVM setup paravirtual spinlock
[    0.466226] x86: Booting SMP configuration:
[    0.467436] .... node  #0, CPUs:      #1
[    0.468796] kvm-clock: cpu 1, msr 0:3ffe3041, secondary cpu clock
[    0.471447] mce: CPU supports 0 MCE banks
[    0.474055] x86: Booted up 1 node, 2 CPUs
[    0.475555] smpboot: Total of 2 processors activated (10847.98 BogoMIPS)
[    0.477930] devtmpfs: initialized
[    0.480836] evm: security.selinux
[    0.481889] evm: security.SMACK64
[    0.482996] evm: security.SMACK64EXEC
[    0.484160] evm: security.SMACK64TRANSMUTE
[    0.485332] evm: security.SMACK64MMAP
[    0.486637] evm: security.ima
[    0.487637] evm: security.capability
[    0.489278] clocksource: jiffies: mask: 0xffffffff max_cycles: 0xffffffff, max_idle_ns: 7645041785100000 ns
[    0.492966] futex hash table entries: 512 (order: 3, 32768 bytes)
[    0.495184] pinctrl core: initialized pinctrl subsystem
[    0.497032] RTC time: 14:21:28, date: 01/08/20
[    0.498623] NET: Registered protocol family 16
[    0.511470] cpuidle: using governor ladder
[    0.523173] cpuidle: using governor menu
[    0.524736] PCCT header not found.
[    0.526177] ACPI: bus type PCI registered
[    0.527567] acpiphp: ACPI Hot Plug PCI Controller Driver version: 0.5
[    0.529869] PCI: Using configuration type 1 for base access
[    0.544039] ACPI: Added _OSI(Module Device)
[    0.545574] ACPI: Added _OSI(Processor Device)
[    0.547186] ACPI: Added _OSI(3.0 _SCP Extensions)
[    0.548793] ACPI: Added _OSI(Processor Aggregator Device)
[    0.551583] ACPI: Executed 1 blocks of module-level executable AML code
[    0.557216] ACPI: Interpreter enabled
[    0.558682] ACPI: (supports S0 S5)
[    0.560107] ACPI: Using IOAPIC for interrupt routing
[    0.562066] PCI: Using host bridge windows from ACPI; if necessary, use "pci=nocrs" and report a bug
[    0.569767] ACPI: PCI Root Bridge [PCI0] (domain 0000 [bus 00-ff])
[    0.571493] acpi PNP0A03:00: _OSC: OS supports [ASPM ClockPM Segments MSI]
[    0.573709] acpi PNP0A03:00: _OSC: not requesting OS control; OS requires [ExtendedConfig ASPM ClockPM MSI]
[    0.576402] acpi PNP0A03:00: fail to add MMCONFIG information, can't access extended PCI configuration space under this bridge.
[    0.579743] PCI host bridge to bus 0000:00
[    0.581032] pci_bus 0000:00: root bus resource [io  0x0000-0x0cf7 window]
[    0.582792] pci_bus 0000:00: root bus resource [io  0x0d00-0xffff window]
[    0.584770] pci_bus 0000:00: root bus resource [mem 0x000a0000-0x000bffff window]
[    0.587031] pci_bus 0000:00: root bus resource [mem 0x40000000-0xfdffffff window]
[    0.589312] pci_bus 0000:00: root bus resource [bus 00-ff]
[    0.593398] pci 0000:00:01.1: legacy IDE quirk: reg 0x10: [io  0x01f0-0x01f7]
[    0.595811] pci 0000:00:01.1: legacy IDE quirk: reg 0x14: [io  0x03f6]
[    0.598264] pci 0000:00:01.1: legacy IDE quirk: reg 0x18: [io  0x0170-0x0177]
[    0.599950] pci 0000:00:01.1: legacy IDE quirk: reg 0x1c: [io  0x0376]
[    0.644031] pci 0000:00:07.0: quirk: [io  0x4000-0x403f] claimed by PIIX4 ACPI
[    0.646905] pci 0000:00:07.0: quirk: [io  0x4100-0x410f] claimed by PIIX4 SMB
[    0.663627] ACPI: PCI Interrupt Link [LNKA] (IRQs 5 9 10 *11)
[    0.666479] ACPI: PCI Interrupt Link [LNKB] (IRQs 5 9 *10 11)
[    0.669139] ACPI: PCI Interrupt Link [LNKC] (IRQs 5 *9 10 11)
[    0.672088] ACPI: PCI Interrupt Link [LNKD] (IRQs 5 9 10 *11)
[    0.675065] ACPI: Enabled 2 GPEs in block 00 to 07
[    0.677528] vgaarb: setting as boot device: PCI:0000:00:02.0
[    0.679410] vgaarb: device added: PCI:0000:00:02.0,decodes=io+mem,owns=io+mem,locks=none
[    0.682479] vgaarb: loaded
[    0.683719] vgaarb: bridge control possible 0000:00:02.0
[    0.686024] SCSI subsystem initialized
[    0.687748] ACPI: bus type USB registered
[    0.689520] usbcore: registered new interface driver usbfs
[    0.691500] usbcore: registered new interface driver hub
[    0.693309] usbcore: registered new device driver usb
[    0.695030] PCI: Using ACPI for IRQ routing
[    0.697166] NetLabel: Initializing
[    0.698282] NetLabel:  domain hash size = 128
[    0.699526] NetLabel:  protocols = UNLABELED CIPSOv4
[    0.703794] NetLabel:  unlabeled traffic allowed by default
[    0.706308] amd_nb: Cannot enumerate AMD northbridges
[    0.708080] clocksource: Switched to clocksource kvm-clock
[    0.725050] AppArmor: AppArmor Filesystem Enabled
[    0.726356] pnp: PnP ACPI init
[    0.729555] pnp: PnP ACPI: found 3 devices
[    0.741296] clocksource: acpi_pm: mask: 0xffffff max_cycles: 0xffffff, max_idle_ns: 2085701024 ns
[    0.744426] NET: Registered protocol family 2
[    0.746168] TCP established hash table entries: 8192 (order: 4, 65536 bytes)
[    0.749171] TCP bind hash table entries: 8192 (order: 5, 131072 bytes)
[    0.751904] TCP: Hash tables configured (established 8192 bind 8192)
[    0.754026] UDP hash table entries: 512 (order: 2, 16384 bytes)
[    0.755924] UDP-Lite hash table entries: 512 (order: 2, 16384 bytes)
[    0.758113] NET: Registered protocol family 1
[    0.759999] pci 0000:00:00.0: Limiting direct PCI/PCI transfers
[    0.762043] pci 0000:00:01.0: Activating ISA DMA hang workarounds
[    0.764912] Unpacking initramfs...
[    1.045823] Freeing initrd memory: 14828K
[    1.047127] clocksource: tsc: mask: 0xffffffffffffffff max_cycles: 0x271782d3887, max_idle_ns: 440795314643 ns
[    1.049614] platform rtc_cmos: registered platform RTC device (no PNP device found)
[    1.051651] Scanning for low memory corruption every 60 seconds
[    1.053454] audit: initializing netlink subsys (disabled)
[    1.054791] audit: type=2000 audit(1578493293.442:1): initialized
[    1.056554] Initialise system trusted keyring
[    1.057975] HugeTLB registered 2 MB page size, pre-allocated 0 pages
[    1.060881] zbud: loaded
[    1.062078] VFS: Disk quotas dquot_6.6.0
[    1.063169] VFS: Dquot-cache hash table entries: 512 (order 0, 4096 bytes)
[    1.065075] squashfs: version 4.0 (2009/01/31) Phillip Lougher
[    1.066795] fuse init (API version 7.23)
[    1.067993] Key type big_key registered
[    1.069091] Allocating IMA MOK and blacklist keyrings.
[    1.072207] Key type asymmetric registered
[    1.073317] Asymmetric key parser 'x509' registered
[    1.074586] Block layer SCSI generic (bsg) driver version 0.4 loaded (major 249)
[    1.076583] io scheduler noop registered
[    1.077776] io scheduler deadline registered (default)
[    1.079202] io scheduler cfq registered
[    1.080456] pci_hotplug: PCI Hot Plug PCI Core version: 0.5
[    1.081989] pciehp: PCI Express Hot Plug Controller Driver version: 0.4
[    1.083896] ACPI: AC Adapter [AC] (on-line)
[    1.085350] input: Power Button as /devices/LNXSYSTM:00/LNXPWRBN:00/input/input0
[    1.087534] ACPI: Power Button [PWRF]
[    1.088786] input: Sleep Button as /devices/LNXSYSTM:00/LNXSLPBN:00/input/input1
[    1.091115] ACPI: Sleep Button [SLPF]
[    1.093318] ACPI: Battery Slot [BAT0] (battery present)
[    1.094789] GHES: HEST is not enabled!
[    1.096069] Serial: 8250/16550 driver, 32 ports, IRQ sharing enabled
[    1.118459] 00:02: ttyS0 at I/O 0x3f8 (irq = 4, base_baud = 115200) is a 16550A
[    1.121620] Linux agpgart interface v0.103
[    1.124847] loop: module loaded
[    1.126615] scsi host0: ata_piix
[    1.127820] scsi host1: ata_piix
[    1.128816] ata1: PATA max UDMA/33 cmd 0x1f0 ctl 0x3f6 bmdma 0xd000 irq 14
[    1.130365] ata2: PATA max UDMA/33 cmd 0x170 ctl 0x376 bmdma 0xd008 irq 15
[    1.132305] libphy: Fixed MDIO Bus: probed
[    1.133535] tun: Universal TUN/TAP device driver, 1.6
[    1.134784] tun: (C) 1999-2004 Max Krasnyansky <maxk@qualcomm.com>
[    1.136257] PPP generic driver version 2.4.2
[    1.137458] ehci_hcd: USB 2.0 'Enhanced' Host Controller (EHCI) Driver
[    1.138954] ehci-pci: EHCI PCI platform driver
[    1.140093] ehci-platform: EHCI generic platform driver
[    1.141412] ohci_hcd: USB 1.1 'Open' Host Controller (OHCI) Driver
[    1.142881] ohci-pci: OHCI PCI platform driver
[    1.144019] ohci-platform: OHCI generic platform driver
[    1.145365] uhci_hcd: USB Universal Host Controller Interface driver
[    1.146891] i8042: PNP: PS/2 Controller [PNP0303:PS2K,PNP0f03:PS2M] at 0x60,0x64 irq 1,12
[    1.149505] serio: i8042 KBD port at 0x60,0x64 irq 1
[    1.150812] serio: i8042 AUX port at 0x60,0x64 irq 12
[    1.152344] mousedev: PS/2 mouse device common for all mice
[    1.154299] rtc_cmos rtc_cmos: rtc core: registered rtc_cmos as rtc0
[    1.155983] rtc_cmos rtc_cmos: alarms up to one day, 114 bytes nvram
[    1.157644] i2c /dev entries driver
[    1.158808] input: AT Translated Set 2 keyboard as /devices/platform/i8042/serio0/input/input2
[    1.168175] device-mapper: uevent: version 1.0.3
[    1.169499] device-mapper: ioctl: 4.34.0-ioctl (2015-10-28) initialised: dm-devel@redhat.com
[    1.171776] ledtrig-cpu: registered to indicate activity on CPUs
[    1.174071] NET: Registered protocol family 10
[    1.175651] NET: Registered protocol family 17
[    1.176989] Key type dns_resolver registered
[    1.178426] registered taskstats version 1
[    1.179532] Loading compiled-in X.509 certificates
[    1.181299] Loaded X.509 cert 'Build time autogenerated kernel key: f0e56e97f406068ace47a9bf54316e9855aaaa43'
[    1.183718] zswap: loaded using pool lzo/zbud
[    1.187174] Key type trusted registered
[    1.192110] Key type encrypted registered
[    1.193204] AppArmor: AppArmor sha1 policy hashing enabled
[    1.194549] ima: No TPM chip found, activating TPM-bypass!
[    1.195889] ima: Allocated hash algorithm: sha1
[    1.197099] evm: HMAC attrs: 0x1
[    1.198671]   Magic number: 4:875:383
[    1.199787] rtc_cmos rtc_cmos: setting system clock to 2020-01-08 14:21:28 UTC (1578493288)
[    1.202106] BIOS EDD facility v0.16 2004-Jun-25, 0 devices found
[    1.203505] EDD information not available.
[    1.291520] Freeing unused kernel memory: 1488K
[    1.293210] Write protecting the kernel read-only data: 14336k
[    1.295812] Freeing unused kernel memory: 1604K
[    1.297975] Freeing unused kernel memory: 60K
Loading, please wait...
starting version 229
[    1.319382] random: systemd-udevd: uninitialized urandom read (16 bytes read, 3 bits of entropy available)
[    1.320661] random: udevadm: uninitialized urandom read (16 bytes read, 3 bits of entropy available)
[    1.320687] random: udevadm: uninitialized urandom read (16 bytes read, 3 bits of entropy available)
[    1.332419] random: systemd-udevd: uninitialized urandom read (16 bytes read, 3 bits of entropy available)
[    1.333298] random: udevadm: uninitialized urandom read (16 bytes read, 3 bits of entropy available)
[    1.333358] random: udevadm: uninitialized urandom read (16 bytes read, 3 bits of entropy available)
[    1.333749] random: udevadm: uninitialized urandom read (16 bytes read, 3 bits of entropy available)
[    1.333808] random: udevadm: uninitialized urandom read (16 bytes read, 3 bits of entropy available)
[    1.333860] random: udevadm: uninitialized urandom read (16 bytes read, 3 bits of entropy available)
[    1.333917] random: udevadm: uninitialized urandom read (16 bytes read, 3 bits of entropy available)
[    1.400583] e1000: Intel(R) PRO/1000 Network Driver - version 7.3.21-k8-NAPI
[    1.402954] e1000: Copyright (c) 1999-2006 Intel Corporation.
[    1.411817] Fusion MPT base driver 3.04.20
[    1.413569] Copyright (c) 1999-2008 LSI Corporation
[    1.426251] AVX2 version of gcm_enc/dec engaged.
[    1.427787] AES CTR mode by8 optimization enabled
[    1.432698] Fusion MPT SPI Host driver 3.04.20
[    1.639498] input: ImExPS/2 Generic Explorer Mouse as /devices/platform/i8042/serio1/input/input4
[    1.828344] e1000 0000:00:03.0 eth0: (PCI:33MHz:32-bit) 02:dd:45:a7:5d:a0
[    1.829999] e1000 0000:00:03.0 eth0: Intel(R) PRO/1000 Network Connection
[    1.833505] mptbase: ioc0: Initiating bringup
[    1.912685] ioc0: LSI53C1030 A0: Capabilities={Initiator}
[    2.508491] scsi host2: ioc0: LSI53C1030 A0, FwRev=00000000h, Ports=1, MaxQ=256, IRQ=20
[    2.974044] scsi 2:0:0:0: Direct-Access     VBOX     HARDDISK         1.0  PQ: 0 ANSI: 5
[    2.977093] scsi target2:0:0: Beginning Domain Validation
[    2.980842] scsi target2:0:0: Domain Validation skipping write tests
[    2.982834] scsi target2:0:0: Ending Domain Validation
[    2.984630] scsi target2:0:0: asynchronous
[    2.986748] scsi 2:0:1:0: Direct-Access     VBOX     HARDDISK         1.0  PQ: 0 ANSI: 5
[    2.989638] scsi target2:0:1: Beginning Domain Validation
[    2.992620] scsi target2:0:1: Domain Validation skipping write tests
[    2.994656] scsi target2:0:1: Ending Domain Validation
[    2.996517] scsi target2:0:1: asynchronous
[    3.009230] sd 2:0:0:0: Attached scsi generic sg0 type 0
[    3.031342] sd 2:0:0:0: [sda] 20971520 512-byte logical blocks: (10.7 GB/10.0 GiB)
[    3.034479] sd 2:0:0:0: [sda] Write Protect is off
[    3.036540] sd 2:0:0:0: [sda] Incomplete mode parameter data
[    3.038929] sd 2:0:0:0: [sda] Assuming drive cache: write through
[    3.041850] sd 2:0:1:0: [sdb] 20480 512-byte logical blocks: (10.5 MB/10.0 MiB)
[    3.044788] sd 2:0:1:0: [sdb] Write Protect is off
[    3.047230] sd 2:0:1:0: [sdb] Incomplete mode parameter data
[    3.049423] sd 2:0:1:0: [sdb] Assuming drive cache: write through
[    3.053316] sd 2:0:1:0: Attached scsi generic sg1 type 0
[    3.056999]  sda: sda1
[    3.059631] sd 2:0:0:0: [sda] Attached SCSI disk
[    3.063449] sd 2:0:1:0: [sdb] Attached SCSI disk
[    3.403406] e1000 0000:00:08.0 eth1: (PCI:33MHz:32-bit) 08:00:27:8d:e6:5b
[    3.405333] e1000 0000:00:08.0 eth1: Intel(R) PRO/1000 Network Connection
[    3.408360] e1000 0000:00:08.0 enp0s8: renamed from eth1
[    3.424537] e1000 0000:00:03.0 enp0s3: renamed from eth0
Begin: Loading essential drivers ... [    4.937726] md: linear personality registered for level -1
[    4.942428] md: multipath personality registered for level -4
[    4.946989] md: raid0 personality registered for level 0
[    4.952758] md: raid1 personality registered for level 1
[    5.024205] raid6: sse2x1   gen()  8272 MB/s
[    5.092588] raid6: sse2x1   xor()  7219 MB/s
[    5.160295] raid6: sse2x2   gen() 11839 MB/s
[    5.228132] raid6: sse2x2   xor()  8654 MB/s
[    5.296143] raid6: sse2x4   gen() 12923 MB/s
[    5.364773] raid6: sse2x4   xor()  6692 MB/s
[    5.432597] raid6: avx2x1   gen() 13744 MB/s
[    5.500418] raid6: avx2x2   gen() 16454 MB/s
[    5.568433] raid6: avx2x4   gen() 24674 MB/s
[    5.569746] raid6: using algorithm avx2x4 gen() 24674 MB/s
[    5.571189] raid6: using avx2x2 recovery algorithm
[    5.573880] xor: automatically using best checksumming function:
[    5.612679]    avx       : 25719.000 MB/sec
[    5.615297] async_tx: api initialized (async)
[    5.627282] md: raid6 personality registered for level 6
[    5.628688] md: raid5 personality registered for level 5
[    5.630342] md: raid4 personality registered for level 4
[    5.639653] md: raid10 personality registered for level 10
done.
Begin: Running /scripts/init-premount ... done.
Begin: Mounting root file system ... Begin: Running /scripts/local-top ... done.
Begin: Running /scripts/local-premount ... [    5.676219] Btrfs loaded
Scanning for Btrfs filesystems
done.
Warning: fsck not present, so skipping root file system
[    5.713827] EXT4-fs (sda1): mounted filesystem with ordered data mode. Opts: (null)
done.
Begin: Running /scripts/local-bottom ... done.
Begin: Running /scripts/init-bottom ... done.
[    5.885649] systemd[1]: systemd 229 running in system mode. (+PAM +AUDIT +SELINUX +IMA +APPARMOR +SMACK +SYSVINIT +UTMP +LIBCRYPTSETUP +GCRYPT +GNUTLS +ACL +XZ -LZ4 +SECCOMP +BLKID +ELFUTILS +KMOD -IDN)
[    5.890298] systemd[1]: Detected virtualization oracle.
[    5.891708] systemd[1]: Detected architecture x86-64.

Welcome to [1mUbuntu 16.04.6 LTS[0m!

[    5.905768] systemd[1]: Set hostname to <ubuntu>.
[    5.910430] systemd[1]: Initializing machine ID from random generator.
[    5.912386] systemd[1]: Installed transient /etc/machine-id file.
[    6.170190] systemd[1]: Listening on Device-mapper event daemon FIFOs.
[[0;32m  OK  [0m] Listening on Device-mapper event daemon FIFOs.
[    6.172820] systemd[1]: Reached target User and Group Name Lookups.
[[0;32m  OK  [0m] Reached target User and Group Name Lookups.
[    6.175785] systemd[1]: Reached target System Time Synchronized.
[[0;32m  OK  [0m] Reached target System Time Synchronized.
[    6.179023] systemd[1]: Listening on LVM2 poll daemon socket.
[[0;32m  OK  [0m] Listening on LVM2 poll daemon socket.
[    6.181876] systemd[1]: Set up automount Arbitrary Executable File Formats File System Automount Point.
[[0;32m  OK  [0m] Set up automount Arbitrary Executab...ats File System Automount Point.
[    6.186073] systemd[1]: Listening on Journal Socket (/dev/log).
[[0;32m  OK  [0m] Listening on Journal Socket (/dev/log).
[    6.189070] systemd[1]: Listening on /dev/initctl Compatibility Named Pipe.
[[0;32m  OK  [0m] Listening on /dev/initctl Compatibility Named Pipe.
[    6.192438] systemd[1]: Created slice User and Session Slice.
[[0;32m  OK  [0m] Created slice User and Session Slice.
[    6.195255] systemd[1]: Listening on Journal Audit Socket.
[[0;32m  OK  [0m] Listening on Journal Audit Socket.
[    6.197717] systemd[1]: Listening on Journal Socket.
[[0;32m  OK  [0m] Listening on Journal Socket.
[    6.200109] systemd[1]: Reached target Swap.
[[0;32m  OK  [0m] Reached target Swap.
[    6.202382] systemd[1]: Started Forward Password Requests to Wall Directory Watch.
[[0;32m  OK  [0m] Started Forward Password Requests to Wall Directory Watch.
[    6.205884] systemd[1]: Reached target Encrypted Volumes.
[[0;32m  OK  [0m] Reached target Encrypted Volumes.
[    6.208383] systemd[1]: Listening on udev Control Socket.
[[0;32m  OK  [0m] Listening on udev Control Socket.
[    6.211033] systemd[1]: Listening on LVM2 metadata daemon socket.
[[0;32m  OK  [0m] Listening on LVM2 metadata daemon socket.
[    6.213823] systemd[1]: Listening on Syslog Socket.
[[0;32m  OK  [0m] Listening on Syslog Socket.
[    6.216114] systemd[1]: Listening on udev Kernel Socket.
[[0;32m  OK  [0m] Listening on udev Kernel Socket.
[    6.218740] systemd[1]: Started Trigger resolvconf update for networkd DNS.
[[0;32m  OK  [0m] Started Trigger resolvconf update for networkd DNS.
[    6.222172] systemd[1]: Created slice System Slice.
[[0;32m  OK  [0m] Created slice System Slice.
[    6.236912] systemd[1]: Mounting Huge Pages File System...
         Mounting Huge Pages File System...
[    6.240082] systemd[1]: Reached target Slices.
[[0;32m  OK  [0m] Reached target Slices.
[    6.243177] systemd[1]: Starting Monitoring of LVM2 mirrors, snapshots etc. using dmeventd or progress polling...
         Starting Monitoring of LVM2 mirrors... dmeventd or progress polling...
[    6.249316] systemd[1]: Created slice system-serial\x2dgetty.slice.
[[0;32m  OK  [0m] Created slice system-serial\x2dgetty.slice.
[    6.257035] systemd[1]: Starting Load Kernel Modules...
         Starting Load Kernel Modules...
[    6.266244] systemd[1]: Starting Create list of required static device nodes for the current kernel...
         Starting Create list of required st... nodes for the current kernel...
[    6.276078] systemd[1]: Starting Nameserver information manager...
         Starting Nameser[    6.278887] Loading iSCSI transport class v2.0-870.
ver information manager...
[    6.282430] systemd[1]: Starting Set console keymap...
         Starting Set console keymap...
[    6.291505] iscsi: registered transport (tcp)
[    6.294285] systemd[1]: Starting Journal Service...
         Starting Journal Service...
[    6.297893] systemd[1]: Starting Remount Root and Kernel File Systems...
         Starting Remount Root and Kernel File Systems...
[    6.302754] systemd[1]: Starting Uncomplicated firewall...
[    6.303737] EXT4-fs (sda1): re-mounted. Opts: (null)
         Starting Uncomplicated firewall...
[    6.310970] systemd[1]: Mounting Debug File System...
         Mounting Debug File System...
[    6.315314] systemd[1]: Mounting POSIX Message Queue File System...
         Mounting POSIX Message Queue File System...
[    6.320461] systemd[1]: Mounted POSIX Message Queue File System.
[[0;32m  OK  [0m] Mounted POSIX Message Queue File System.
[    6.323234] systemd[1]: Mounted Debug File System.
[[0;32m  OK  [0m] Mounted Debug File System.
[    6.325977] systemd[1]: Mounted Huge Pages File System.
[[0;32m  OK  [0m] Mounted Huge Pages File System.
[    6.329762] systemd[1]: Started Create list of required static device nodes for the current kernel.
[[0;32m  OK  [0m] Started Create list of required sta...ce nodes for the current kernel.
[    6.336805] systemd[1]: Started Remount Root and Kernel File Systems.
[[0;32m  OK  [0m] Started Remount Root and Kernel File Systems.
[    6.341036] systemd[1]: Started Nameserver information manager.
[[0;32m  OK  [0m] Started Nameserver information manager.
[    6.346153] systemd[1]: Started Uncomplicated firewall.
[[0;32m  OK  [0m] Started Uncomplicated firewall.
[    6.380767] systemd[1]: Started LVM2 metadata daemon.
[[0;32m  OK  [0m] Started LVM2 metadata daemon.
[    6.394139] systemd[1]: Starting Load/Save Random Seed...
         Starting Load/Save Random Seed...
[    6.402169] iscsi: registered transport (iser)
[    6.407097] systemd[1]: Starting udev Coldplug all Devices...
         Starting udev Coldplug all Devices...
[    6.412310] systemd[1]: Starting Create Static Device Nodes in /dev...
         Starting Create Static Device Nodes in /dev...
[    6.419499] systemd[1]: Started Journal Service.
[[0;32m  OK  [0m] Started Journal Service.
[[0;32m  OK  [0m] Started Load Kernel Modules.
[[0;32m  OK  [0m] Started Load/Save Random Seed.
         Mounting FUSE Control File System...
         Starting Apply Kernel Variables...
         Starting Flush Journal to Persistent Storage...
[[0;32m  OK  [0m] Mounted FUSE Control File System.
[[0;32m  OK  [0m] Started Set console keymap.
[[0;32m  OK  [0m] Started Create Static Device Nodes in /dev.
         Starting udev Kernel Device Manager...
[    6.485330] systemd-journald[389]: Received request to flush runtime journal from PID 1
[[0;32m  OK  [0m] Started Flush Journal to Persistent Storage.
[[0;32m  OK  [0m] Started Apply Kernel Variables.
[[0;32m  OK  [0m] Started udev Coldplug all Devices.
[[0;32m  OK  [0m] Started udev Kernel Device Manager.
[[0;32m  OK  [0m] Started Dispatch Password Requests to Console Directory Watch.
[[0;32m  OK  [0m] Found device /dev/ttyS0.
[[0;32m  OK  [0m] Listening on Load/Save RF Kill Switch Status /dev/rfkill Watch.
[[0;32m  OK  [0m] Started Monitoring of LVM2 mirrors,...ng dmeventd or progress polling.
[[0;32m  OK  [0m] Reached target Local File Systems (Pre).
[[0;32m  OK  [0m] Reached target Local File Systems.
         Starting Set console font and keymap...
         Starting Initial cloud-init job (pre-networking)...
         Starting LSB: AppArmor initialization...
         Starting Tell Plymouth To Write Out Runtime Data...
         Starting Commit a transient machine-id on disk...
         Starting Create Volatile Files and Directories...
[[0;32m  OK  [0m] Started Tell Plymouth To Write Out Runtime Data.
[[0;32m  OK  [0m] Started Create Volatile Files and Directories.
[[0;32m  OK  [0m] Started Commit a transient machine-id on disk.
         Starting Update UTMP about System Boot/Shutdown...
[[0;32m  OK  [0m] Started Update UTMP about System Boot/Shutdown.
[[0;32m  OK  [0m] Started Set console font and keymap.
[[0;32m  OK  [0m] Created slice system-getty.slice.
[    8.457375] cloud-init[616]: Cloud-init v. 19.2-36-g059d049c-0ubuntu2~16.04.1 running 'init-local' at Wed, 08 Jan 2020 14:21:35 +0000. Up 7.85 seconds.
[[0;32m  OK  [0m] Started Initial cloud-init job (pre-networking).
[[0;32m  OK  [0m] Reached target Network (Pre).
[[0;32m  OK  [0m] Started LSB: AppArmor initialization.
         Starting Raise network interfaces...
[[0;32m  OK  [0m] Started Raise network interfaces.
[[0;32m  OK  [0m] Reached target Network.
         Starting Initial cloud-init job (metadata service crawler)...
[   11.035229] cloud-init[966]: Cloud-init v. 19.2-36-g059d049c-0ubuntu2~16.04.1 running 'init' at Wed, 08 Jan 2020 14:21:37 +0000. Up 10.20 seconds.
[   11.044947] cloud-init[966]: ci-info: ++++++++++++++++++++++++++++++++++++++Net device info+++++++++++++++++++++++++++++++++++++++
[   11.048381] cloud-init[966]: ci-info: +--------+-------+----------------------------+---------------+--------+-------------------+
[   11.051958] cloud-init[966]: ci-info: | Device |   Up  |          Address           |      Mask     | Scope  |     Hw-Address    |
[   11.060782] cloud-init[966]: ci-info: +--------+-------+----------------------------+---------------+--------+-------------------+
[   11.064314] cloud-init[966]: ci-info: | enp0s3 |  True |         10.0.2.15          | 255.255.255.0 | global | 02:dd:45:a7:5d:a0 |
[   11.068615] cloud-init[966]: ci-info: | enp0s3 |  True | fe80::dd:45ff:fea7:5da0/64 |       .       |  link  | 02:dd:45:a7:5d:a0 |
[   11.072191] cloud-init[966]: ci-info: | enp0s8 | False |             .              |       .       |   .    | 08:00:27:8d:e6:5b |
[   11.076477] cloud-init[966]: ci-info: |   lo   |  True |         127.0.0.1          |   255.0.0.0   |  host  |         .         |
[   11.080384] cloud-init[966]: ci-info: |   lo   |  True |          ::1/128           |       .       |  host  |         .         |
[   11.083419] cloud-init[966]: ci-info: +--------+-------+----------------------------+---------------+--------+-------------------+
[   11.087253] cloud-init[966]: ci-info: +++++++++++++++++++++++++++Route IPv4 info++++++++++++++++++++++++++++
[   11.089862] cloud-init[966]: ci-info: +-------+-------------+----------+---------------+-----------+-------+
[   11.092607] cloud-init[966]: ci-info: | Route | Destination | Gateway  |    Genmask    | Interface | Flags |
[[0;32m  OK  [0m] Started Initial cloud-init job (metadata service crawler).[   11.095168] cloud-init[966]: ci-info: +-------+-------------+----------+---------------+-----------+-------+
[   11.097992] cloud-init[966]: ci-info: |   0   |   0.0.0.0   | 10.0.2.2 |    0.0.0.0    |   enp0s3  |   UG  |
[   11.098784] cloud-init[966]: ci-info: |   1   |   10.0.2.0  | 0.0.0.0  | 255.255.255.0 |   enp0s3  |   U   |
[   11.099398] cloud-init[966]: ci-info: +-------+-------------+----------+---------------+-----------+-------+
[   11.102086] cloud-init[966]: ci-info: +++++++++++++++++++Route IPv6 info+++++++++++++++++++
[   11.103111] cloud-init[966]: ci-info: +-------+-------------+---------+-----------+-------+
[   11.104208] cloud-init[966]: ci-info: | Route | Destination | Gateway | Interface | Flags |
[   11.104578] cloud-init[966]: ci-info: +-------+-------------+---------+-----------+-------+
[   11.105249] cloud-init[966]: ci-info: |   0   |  fe80::/64  |    ::   |   enp0s3  |   U   |
[   11.107365] cloud-init[966]: ci-info: |   3   |   ff00::/8  |    ::   |   enp0s3  |   U   |
[   11.107980] cloud-init[966]: ci-info: +-------+-------------+---------+-----------+-------+
[   11.108991] cloud-init[966]: Generating public/private rsa key pair.
[   11.109924] cloud-init[966]: Your identification has been saved in /etc/ssh/ssh_host_rsa_key.
[   11.110756] cloud-init[966]: Your public key has been saved in /etc/ssh/ssh_host_rsa_key.pub.
[   11.112028] cloud-init[966]: The key fingerprint is:
[   11.112795] cloud-init[966]: SHA256:QHCGXbZj+XXiSKrymCMm1NyC0/mO3jNxNPpd8hsO4c4 root@ubuntu-xenial
[   11.113914] cloud-init[966]: The key's randomart image is:
[   11.114363] cloud-init[966]: +---[RSA 2048]----+
[   11.115096] cloud-init[966]: |    .++.o        |
[   11.115984] cloud-init[966]: |    .+.. o       |
[   11.116729] cloud-init[966]: |      . = . o .  |
[   11.117294] cloud-init[966]: |       = = + o   |
[   11.117676] cloud-init[966]: |  = o o S.o .    |
[   11.118060] cloud-init[966]: | + * + o....     |
[   11.118654] cloud-init[966]: |. . + = .o+.     |
[   11.119025] cloud-init[966]: |. o +O .o.o..    |
[   11.119628] cloud-init[966]: | o.++++  E o.    |
[   11.120110] cloud-init[966]: +----[SHA256]-----+
[   11.120954] cloud-init[966]: Generating public/private dsa key pair.
[   11.122283] cloud-init[966]: Your identification has been saved in /etc/ssh/ssh_host_dsa_key.
[   11.123043] cloud-init[966]: Your public key has been saved in /etc/ssh/ssh_host_dsa_key.pub.
[   11.123478] cloud-init[966]: The key fingerprint is:
[   11.123845] cloud-init[966]: SHA256:jfSWIzOjzYcFDZpGa5pWPto02MLl8WBGgeNtHHAv7zE root@ubuntu-xenial
[   11.125048] cloud-init[966]: The key's randomart image is:
[   11.125486] cloud-init[966]: +---[DSA 1024]----+
[   11.125984] cloud-init[966]: |    .o=..        |
[   11.127077] cloud-init[966]: |    o+.= o       |
[   11.128254] cloud-init[966]: |   . +#.+ .      |
[   11.128850] cloud-init[966]: |   ..#+B = .     |
[   11.129219] cloud-init[966]: |    B.B E B      |
[   11.129587] cloud-init[966]: |   . = B @ .     |
[   11.130172] cloud-init[966]: |    . o = .      |
[   11.130543] cloud-init[966]: |         .       |
[   11.131154] cloud-init[966]: |                 |
[   11.131530] cloud-init[966]: +----[SHA256]-----+

[   11.131980] cloud-init[966]: Generating public/private ecdsa key pair.
[   11.158225] cloud-init[966]: Your identification has been saved in /etc/ssh/ssh_host_ecdsa_key.
[   11.158481] cloud-init[966]: Your public key has been saved in /etc/ssh/ssh_host_ecdsa_key.pub.
[[0;32m  OK  [0m] Reached target System Initialization.
[   11.158568] cloud-init[966]: The key fingerprint is:
[   11.162363] cloud-init[966]: SHA256:ro7U7vTfO3o9qaBFmqVoFYT32K4Ynnv2zEmgsO/em4I root@ubuntu-xenial
[   11.162720] cloud-init[966]: The key's randomart image is:
[   11.163283] cloud-init[966]: +---[ECDSA 256]---+
[[0;32m  OK  [0m] Started Daily Cleanup of Temporary Directories.
[   11.163549] cloud-init[966]: |       ..        |
[   11.168005] cloud-init[966]: |      ...        |
[   11.169311] cloud-init[966]: |       ..+       |
[   11.170327] cloud-init[966]: |        ..o      |
[   11.171345] cloud-init[966]: |    .   S.o      |
[   11.172748] cloud-init[966]: |     +.= B.      |
[   11.173776] cloud-init[966]: |    oo*+=.+  . . |
[   11.174778] cloud-init[966]: |   .E*=++B +o +  |
[   11.175430] cloud-init[966]: |    .=X=*+Bo++ . |
[   11.176881] cloud-init[966]: +----[SHA256]-----+
[   11.177541] cloud-init[966]: Generating public/private ed25519 key pair.
[   11.178221] cloud-init[966]: Your identification has been saved in /etc/ssh/ssh_host_ed25519_key.
[   11.179087] cloud-init[966]: Your public key has been saved in /etc/ssh/ssh_host_ed25519_key.pub.
[   11.181124] cloud-init[966]: The key fingerprint is:
[   11.181548] cloud-init[966]: SHA256:w4iUzq+Vqwr6pOdd5u3u+OAEkI+WyPJ6vDwYvJZep1Y root@ubuntu-xenial
[   11.181965] cloud-init[966]: The key's randomart image is:
[   11.182696] cloud-init[966]: +--[ED25519 256]--+
[   11.183057] cloud-init[966]: |                 |
[   11.183449] cloud-init[966]: |   . .           |
[   11.184661] cloud-init[966]: |  o o            |
[   11.185166] cloud-init[966]: |.. O . o         |
[   11.186258] cloud-init[966]: |+.+ * . S        |
[   11.187134] cloud-init[966]: |o+   E . .       |
[   11.188463] cloud-init[966]: |.+=...O          |
[   11.189246] cloud-init[966]: |oX*ooO =         |
[[0;32m  OK  [0m] Listening on ACPID Listen Socket.
[   11.190461] cloud-init[966]: |**B=+.==*        |
[   11.191527] cloud-init[966]: +----[SHA256]-----+
         Starting Socket activation for snappy daemon.
[[0;32m  OK  [0m] Started Daily apt download activities.
[[0;32m  OK  [0m] Started Message of the Day.
[[0;32m  OK  [0m] Started Daily apt upgrade and clean activities.
[[0;32m  OK  [0m] Listening on UUID daemon activation socket.
[[0;32m  OK  [0m] Reached target Timers.
         Starting LXD - unix socket.
[[0;32m  OK  [0m] Listening on D-Bus System Message Bus Socket.
[[0;32m  OK  [0m] Started ACPI Events Check.
[[0;32m  OK  [0m] Reached target Paths.
[[0;32m  OK  [0m] Reached target Network is Online.
         Starting iSCSI initiator daemon (iscsid)...
[[0;32m  OK  [0m] Reached target Cloud-config availability.
[[0;32m  OK  [0m] Listening on Socket activation for snappy daemon.
[[0;32m  OK  [0m] Listening on LXD - unix socket.
[[0;32m  OK  [0m] Reached target Sockets.
[[0;32m  OK  [0m] Reached target Basic System.
[[0;32m  OK  [0m] Started D-Bus System Message Bus.
         Starting Pollinate to seed the pseudo random number generator...
         Starting Login Service...
[[0;32m  OK  [0m] Started Regular background program processing daemon.
[[0;32m  OK  [0m] Started Deferred execution scheduler.
         Starting LSB: Record successful boot for GRUB...
         Starting /etc/rc.local Compatibility...
         Starting LSB: MD monitoring daemon...
[[0;32m  OK  [0m] Started FUSE filesystem for LXC.
         Starting LXD - container startup/shutdown...
[[0;32m  OK  [0m] Started ACPI event daemon.
         Starting Accounts Service...
         Starting Snappy daemon...
         Starting System Logging Service...
         Starting Virtualbox guest utils...
[[0;32m  OK  [0m] Started /etc/rc.local Compatibility.
[[0;32m  OK  [0m] Started Login Service.
[[0;32m  OK  [0m] Started Unattended Upgrades Shutdown.
[[0;32m  OK  [0m] Started iSCSI initiator daemon (iscsid).
         Starting Login to default iSCSI targets...
[[0;32m  OK  [0m] Started LSB: MD monitoring daemon.
[[0;32m  OK  [0m] Started LSB: Record successful boot for GRUB.
[[0;32m  OK  [0m] Started Login to default iSCSI targets.
[[0;32m  OK  [0m] Reached target Remote File Systems (Pre).
[[0;32m  OK  [0m] Reached target Remote File Systems.
         Starting LSB: Set the CPU Frequency Scaling governor to "ondemand"...
         Starting LSB: daemon to balance interrupts for SMP systems...
         Starting LSB: automatic crash report generation...
         Starting Permit User Sessions...
[[0;32m  OK  [0m] Started System Logging Service.
[[0;32m  OK  [0m] Started Permit User Sessions.
         Starting Hold until boot process finishes up...
         Starting Terminate Plymouth Boot Screen...
[[0;32m  OK  [0m] Started Hold until boot process finishes up.
[[0;32m  OK  [0m] Started Terminate Plymouth Boot Screen.
[[0;32m  OK  [0m] Started Serial Getty on ttyS0.
         Starting Set console scheme...
[[0;32m  OK  [0m] Started Getty on tty1.
[[0;32m  OK  [0m] Reached target Login Prompts.
[[0;32m  OK  [0m] Started Set console scheme.
[[0;32m  OK  [0m] Started LSB: Set the CPU Frequency Scaling governor to "ondemand".
         Starting Authenticate and Authorize Users to Run Privileged Tasks...
[[0;32m  OK  [0m] Started LSB: daemon to balance interrupts for SMP systems.
[[0;32m  OK  [0m] Started LSB: automatic crash report generation.
[[0;32m  OK  [0m] Started Virtualbox guest utils.
[[0;32m  OK  [0m] Started Authenticate and Authorize Users to Run Privileged Tasks.
[[0;32m  OK  [0m] Started Accounts Service.
[[0;32m  OK  [0m] Started LXD - container startup/shutdown.
[[0;32m  OK  [0m] Started Pollinate to seed the pseudo random number generator.
         Starting OpenBSD Secure Shell server...
[[0;32m  OK  [0m] Started Snappy daemon.
         Starting Wait until snapd is fully seeded...
[[0;32m  OK  [0m] Started OpenBSD Secure Shell server.
[[0;32m  OK  [0m] Created slice User Slice of vagrant.
         Starting User Manager for UID 1000...
[[0;32m  OK  [0m] Started Session 1 of user vagrant.
[[0;32m  OK  [0m] Started User Manager for UID 1000.
[[0;32m  OK  [0m] Started Wait until snapd is fully seeded.
         Starting Apply the settings specified in cloud-config...
[[0;32m  OK  [0m] Reached target Multi-User System.
[[0;32m  OK  [0m] Reached target Graphical Interface.
         Starting Update UTMP about System Runlevel Changes...
[[0;32m  OK  [0m] Started Update UTMP about System Runlevel Changes.
[   13.820119] cloud-init[1386]: Generating locales (this might take a while)...
[   15.222595] cloud-init[1386]:   en_US.UTF-8... done
[   15.224273] cloud-init[1386]: Generation complete.
[   15.696513] cloud-init[1386]: Cloud-init v. 19.2-36-g059d049c-0ubuntu2~16.04.1 running 'modules:config' at Wed, 08 Jan 2020 14:21:41 +0000. Up 13.61 seconds.
[[0;32m  OK  [0m] Started Apply the settings specified in cloud-config.
         Starting Execute cloud user/final scripts...
ci-info: no authorized ssh keys fingerprints found for user ubuntu.
<14>Jan  8 14:21:44 ec2: 
<14>Jan  8 14:21:44 ec2: #############################################################
<14>Jan  8 14:21:44 ec2: -----BEGIN SSH HOST KEY FINGERPRINTS-----
<14>Jan  8 14:21:44 ec2: 1024 SHA256:jfSWIzOjzYcFDZpGa5pWPto02MLl8WBGgeNtHHAv7zE root@ubuntu-xenial (DSA)
<14>Jan  8 14:21:44 ec2: 256 SHA256:ro7U7vTfO3o9qaBFmqVoFYT32K4Ynnv2zEmgsO/em4I root@ubuntu-xenial (ECDSA)
<14>Jan  8 14:21:44 ec2: 256 SHA256:w4iUzq+Vqwr6pOdd5u3u+OAEkI+WyPJ6vDwYvJZep1Y root@ubuntu-xenial (ED25519)
<14>Jan  8 14:21:44 ec2: 2048 SHA256:QHCGXbZj+XXiSKrymCMm1NyC0/mO3jNxNPpd8hsO4c4 root@ubuntu-xenial (RSA)
<14>Jan  8 14:21:44 ec2: -----END SSH HOST KEY FINGERPRINTS-----
<14>Jan  8 14:21:44 ec2: #############################################################
-----BEGIN SSH HOST KEY KEYS-----
ecdsa-sha2-nistp256 AAAAE2VjZHNhLXNoYTItbmlzdHAyNTYAAAAIbmlzdHAyNTYAAABBBJ1QhjeB9Gap2qJRVxW//wz1pP/YpTsy0mhgpVuE+eqh6G/6KtUBlzYtCkykj1qEcB2ps2rk4H1gcUHo1NOHk58= root@ubuntu-xenial
ssh-ed25519 AAAAC3NzaC1lZDI1NTE5AAAAIKCByRbJHbMG9I9cjYOGRQkSTo76Fggo5EgFisWZ47A3 root@ubuntu-xenial
ssh-rsa AAAAB3NzaC1yc2EAAAADAQABAAABAQDG12Z5GIHoEqDDMDVqVCxsg2RzDlscOKTyd9yAT03jDGhDM0tqedlzzADrn8GHC6ufneD6Sw7Yi4V9IvDswIgHcbaDSErAQG+hTInyPHMgKuOL3asSciYFydj81Iu39GVB4lAWKfAA7+CtzFTvpyWQfJQNFgKxMdWa5IBrCeIYpp3Ms7uAzyvyb44EWYCaZVWazhPM4kdJ4aGrHpE4/tb5adnkaru3+tWnbANIE5R8HcDUqQbqSebYOKpsy88nLMkbjhkj+f5jD5u+288obBX4FZ6P2vKSuxADMEipvWR35e1sp8vDAJTksVRQMjM3GNUY6KyFxDhE3z1ELMinH99b root@ubuntu-xenial
-----END SSH HOST KEY KEYS-----
[   16.557293] cloud-init[1553]: Cloud-init v. 19.2-36-g059d049c-0ubuntu2~16.04.1 running 'modules:final' at Wed, 08 Jan 2020 14:21:43 +0000. Up 16.31 seconds.
[   16.565041] cloud-init[1553]: ci-info: no authorized ssh keys fingerprints found for user ubuntu.
[   16.605024] cloud-init[1553]: Cloud-init v. 19.2-36-g059d049c-0ubuntu2~16.04.1 finished at Wed, 08 Jan 2020 14:21:44 +0000. Datasource DataSourceNoCloud [seed=/dev/sdb][dsmode=net].  Up 16.54 seconds

Ubuntu 16.04.6 LTS ubuntu-xenial ttyS0

ubuntu-xenial login: 